// Vitest Snapshot v1, https://vitest.dev/guide/snapshot.html

exports[`CategoryList - Baseline Snapshot > matches snapshot 1`] = `
<div>
  <div
    class="flex flex-col gap-1"
  >
    <button
      class="flex items-center gap-2 rounded-lg px-3 py-1.5 text-left transition-colors hover:bg-muted"
    >
      <div
        class="flex h-6 w-6 items-center justify-center rounded-full bg-muted"
      >
        <svg
          class="h-3 w-3"
          fill="none"
          stroke="currentColor"
          viewBox="0 0 24 24"
        >
          <path
            d="M19 20H5a2 2 0 01-2-2V6a2 2 0 012-2h10a2 2 0 012 2v1m2 13a2 2 0 01-2-2V7m2 13a2 2 0 002-2V9a2 2 0 00-2-2h-2m-4-3H9M7 16h6M7 8h6v4H7V8z"
            stroke-linecap="round"
            stroke-linejoin="round"
            stroke-width="2"
          />
        </svg>
      </div>
      <div
        class="flex-1"
      >
        <div
          class="font-normal"
          style="font-size: var(--font-size-sidebar);"
        >
          All Articles
        </div>
      </div>
    </button>
    <div
      class="flex flex-col items-center justify-center py-16 text-center py-8"
    >
      <div
        class="mb-4 text-foreground/50"
      >
        <svg
          class="h-12 w-12"
          fill="none"
          stroke="currentColor"
          viewBox="0 0 24 24"
        >
          <path
            d="M6 5c7.18 0 13 5.82 13 13M6 11a7 7 0 017 7m-6 0a1 1 0 11-2 0 1 1 0 012 0z"
            stroke-linecap="round"
            stroke-linejoin="round"
            stroke-width="2"
          />
        </svg>
      </div>
      <h3
        class="mb-2 text-lg font-semibold text-foreground"
      >
        No feeds yet
      </h3>
      <p
        class="mb-4 text-sm text-foreground/60 max-w-md"
      >
        Add your first feed to get started!
      </p>
    </div>
  </div>
</div>
`;
